# `python -m doctest -v progName.py`
# to run a unittest, execute: `python -m unittest test_module_name`
# alternatively, simply execute `python -m unittest` by itself

>>> import importlib
>>> add_int = importlib.import_module("0-add_integer")
>>> add_integer = add_int.add_integer
>>> add_integer(2, 2)
4
>>> add_integer(2.0, -2)
0
>>> add_integer(-80)
18
>>> add_integer(2,"two")
Traceback (most recent call last):
...
TypeError: b must be an integer
>>> add_integer(True, 2)
Traceback (most recent call last):
...
TypeError: a must be an integer
