running doctest:
	python -m doctest -v testfile.txt
running unittest
	`python -m unittest test_module_name`
	`python -m unittest`

>>> import importlib
>>> square_module = importlib.import_module("4-print_square")
>>> print_sq = square_module.print_square
>>> print_sq()
Traceback (most recent call last):
...
TypeError: print_square() missing 1 required positional argument: 'size'
>>> print_sq(2)
##
##
>>> print_sq(6)
######
######
######
######
######
######
>>> print_sq(-2)
Traceback (most recent call last):
..
ValueError: size must be >= 0
>>> print_sq(3.45)
Traceback (most recent call last):
..
TypeError: size must be an integer
>>> print_sq(-1.25)
Traceback (most recent call last):
..
TypeError: size must be an integer
